08-30 11:12:03.265 16747 16747 W Chrome_InProcGp: type=1400 audit(0.0:1408655): avc: denied { search } for name="proc" dev="debugfs" ino=17300 scontext=u:r:untrusted_app:s0:c512,c768 tcontext=u:object_r:qti_debugfs:s0 tclass=dir permissive=0 ppid=771 pcomm="main" pgid=16747 pgcomm="barus.dicethrow"
08-30 11:12:03.160 16747 16747 I zygote64:   at void com.android.internal.os.ZygoteInit.main(java.lang.String[]) (ZygoteInit.java:767)
08-30 11:12:03.160 16747 16747 I zygote64: 
08-30 11:12:03.161  9462 16292 E WakeLock: CMWakeLock was already released!
08-30 11:12:03.161  9462 16292 E WakeLock: java.lang.RuntimeException: WakeLock under-locked CMWakeLock
08-30 11:12:03.161  9462 16292 E WakeLock: 	at android.os.PowerManager$WakeLock.release(PowerManager.java:1502)
08-30 11:12:03.161  9462 16292 E WakeLock: 	at android.os.PowerManager$WakeLock.release(PowerManager.java:1462)
08-30 11:12:03.161  9462 16292 E WakeLock: 	at amvo.a(:com.google.android.gms@12878025@12.8.78 (040408-209461520):4)
08-30 11:12:03.161  9462 16292 E WakeLock: 	at amvo.c(:com.google.android.gms@12878025@12.8.78 (040408-209461520):3)
08-30 11:12:03.161  9462 16292 E WakeLock: 	at amvo.b(:com.google.android.gms@12878025@12.8.78 (040408-209461520):9)
08-30 11:12:03.161  9462 16292 E WakeLock: 	at dpx.a(:com.google.android.gms@12878025@12.8.78 (040408-209461520):10)
08-30 11:12:03.161  9462 16292 E WakeLock: 	at dpx.handleMessage(:com.google.android.gms@12878025@12.8.78 (040408-209461520):4)
08-30 11:12:03.161  9462 16292 E WakeLock: 	at pmn.run(:com.google.android.gms@12878025@12.8.78 (040408-209461520):6)
08-30 11:12:03.161  9462 16292 E WakeLock: 	at pmz.run(:com.google.android.gms@12878025@12.8.78 (040408-209461520):28)
08-30 11:12:03.161  9462 16292 E WakeLock: 	at java.util.concurrent.ThreadPoolExecutor.runWorker(ThreadPoolExecutor.java:1162)
08-30 11:12:03.161  9462 16292 E WakeLock: 	at java.util.concurrent.ThreadPoolExecutor$Worker.run(ThreadPoolExecutor.java:636)
08-30 11:12:03.161  9462 16292 E WakeLock: 	at ptb.run(Unknown Source:7)
08-30 11:12:03.161  9462 16292 E WakeLock: 	at java.lang.Thread.run(Thread.java:764)
08-30 11:12:03.161 16801 16801 E asset   : setgid: Operation not permitted
08-30 11:12:03.190 16772 16772 I cr_ChildProcessService: Creating new ChildProcessService pid=16772
08-30 11:12:03.265 16747 16747 W Chrome_InProcGp: type=1400 audit(0.0:1408655): avc: denied { search } for name="proc" dev="debugfs" ino=17300 scontext=u:r:untrusted_app:s0:c512,c768 tcontext=u:object_r:qti_debugfs:s0 tclass=dir permissive=0 ppid=771 pcomm="main" pgid=16747 pgcomm="barus.dicethrow"
08-30 11:12:03.237 16747 16747 D SystemWebViewEngine: CordovaWebView is running on device made by: Sony
08-30 11:12:03.242 16747 16808 E chromium: [ERROR:devtools_http_handler.cc(292)] Cannot start http server for devtools. Stop devtools.
08-30 11:12:03.265 16747 16747 W Chrome_InProcGp: type=1400 audit(0.0:1408655): avc: denied { search } for name="proc" dev="debugfs" ino=17300 scontext=u:r:untrusted_app:s0:c512,c768 tcontext=u:object_r:qti_debugfs:s0 tclass=dir permissive=0 ppid=771 pcomm="main" pgid=16747 pgcomm="barus.dicethrow"
08-30 11:12:03.247 16747 16747 D PluginManager: init()
08-30 11:12:03.251 16747 16747 D CordovaWebViewImpl: >>> loadUrl(file:///android_asset/www/index.html)
08-30 11:12:03.265 16747 16810 I Adreno  : QUALCOMM build                   : 3953ab1, Ib515ec08c2
08-30 11:12:03.265 16747 16810 I Adreno  : Build Date                       : 09/27/17
08-30 11:12:03.265 16747 16810 I Adreno  : OpenGL ES Shader Compiler Version: EV031.20.00.04
08-30 11:12:03.265 16747 16810 I Adreno  : Local Branch                     : 
08-30 11:12:03.265 16747 16810 I Adreno  : Remote Branch                    : refs/tags/AU_LINUX_ANDROID_LA.UM.6.4.R1.08.00.00.309.032
08-30 11:12:03.265 16747 16810 I Adreno  : Remote Branch                    : NONE
08-30 11:12:03.265 16747 16810 I Adreno  : Reconstruct Branch               : NOTHING
08-30 11:12:03.265 16747 16792 W cr_media: Requires BLUETOOTH permission
08-30 11:12:03.274 16747 16747 D CordovaActivity: Started the activity.
08-30 11:12:03.280 16747 16810 I Adreno  : PFP: 0x005ff087, ME: 0x005ff063
08-30 11:12:03.280 16747 16747 D CordovaActivity: Resumed the activity.
08-30 11:12:03.294 16747 16813 D OpenGLRenderer: HWUI GL Pipeline
08-30 11:12:03.303 16747 16747 D CordovaWebViewImpl: onPageDidNavigate(file:///android_asset/www/index.html)
08-30 11:12:03.319 16747 16810 W VideoCapabilities: Unrecognized profile 2130706433 for video/avc
08-30 11:12:03.319 16747 16810 W VideoCapabilities: Unrecognized profile 2130706434 for video/avc
08-30 11:12:03.323 16772 16804 I cr_LibraryLoader: Time to load native libraries: 0 ms (timestamps 4203-4203)
08-30 11:12:03.324 16772 16804 I chromium: [INFO:library_loader_hooks.cc(36)] Chromium logging enabled: level = 0, default verbosity = 0
08-30 11:12:03.324 16772 16804 I cr_LibraryLoader: Expected native library version number "68.0.3440.91", actual native library version number "68.0.3440.91"
08-30 11:12:03.328 16747 16810 W VideoCapabilities: Unrecognized profile 2130706433 for video/avc
08-30 11:12:03.328 16747 16810 W VideoCapabilities: Unrecognized profile 2130706434 for video/avc
08-30 11:12:03.330 16747 16810 W VideoCapabilities: Unrecognized profile 2130706433 for video/avc
08-30 11:12:03.330 16747 16810 W VideoCapabilities: Unrecognized profile 2130706434 for video/avc
08-30 11:12:03.334 16747 16810 W VideoCapabilities: Unrecognized profile/level 0/3 for video/mpeg2
08-30 11:12:03.335 16747 16810 W VideoCapabilities: Unrecognized profile/level 0/3 for video/mpeg2
08-30 11:12:03.348  1663  3441 I InputDispatcher: Focus entered window: Window{dd521c5 u0 com.ombarus.dicethrow/com.ombarus.dicethrow.MainActivity}
08-30 11:12:03.351 16747 16813 I OpenGLRenderer: Initialized EGL, version 1.4
08-30 11:12:03.351 16747 16813 D OpenGLRenderer: Swap behavior 2
08-30 11:12:03.357 16747 16810 W VideoCapabilities: Unsupported mime video/mp4v-esdp
08-30 11:12:03.362 16747 16810 W Utils   : could not parse long range '259-258'
08-30 11:12:03.374 16747 16810 I VideoCapabilities: Unsupported profile 4 for video/mp4v-es
08-30 11:12:03.417  1663  1688 I ActivityManager: Displayed com.ombarus.dicethrow/.MainActivity: +531ms
08-30 11:12:03.420  1663  1688 I Timeline: Timeline: Activity_windows_visible id: ActivityRecord{9ecf803 u0 com.ombarus.dicethrow/.MainActivity t541} time:670664316 diff:544 start:cold| batt:92|2 mw:off|1 mem:1059544|0|76|6|30 cpu:[1900800, 1900800, 1900800, 1900800, 2361600, 2361600, 2361600, 2361600]
08-30 11:12:03.428  1663  2452 D ActivityTrigger: ActivityTrigger activityStopTrigger 
08-30 11:12:03.431 16747 16765 W cr_CrashFileManager: /data/user/0/com.ombarus.dicethrow/cache/WebView/Crash Reports does not exist or is not a directory
08-30 11:12:03.687 16747 16753 I zygote64: Do partial code cache collection, code=29KB, data=26KB
08-30 11:12:03.687 16747 16753 I zygote64: After code cache collection, code=29KB, data=26KB
08-30 11:12:03.687 16747 16753 I zygote64: Increasing code cache capacity to 128KB
08-30 11:12:03.725 16747 16747 D CordovaWebViewImpl: onPageFinished(file:///android_asset/www/index.html)
08-30 11:12:04.122  9754  9774 E memtrack: Couldn't load memtrack module
08-30 11:12:04.123  9754  9774 W android.os.Debug: failed to get memory consumption info: -1
08-30 11:12:04.807   939  1021 E ANDR-PERF-OPTSHANDLER: Warning: Core control support not present for lock_min_cores on cluster 0 for this target
08-30 11:12:04.807   939  1021 E ANDR-PERF-RESOURCEQS: Failed to apply optimization [4, 0]
08-30 11:12:04.878   939  1021 E ANDR-PERF-OPTSHANDLER: perf_lock_rel: updated /sys/class/scsi_host/host0/../../../clkscale_enable with 1
08-30 11:12:04.878   939  1021 E ANDR-PERF-OPTSHANDLER:  return value 2
08-30 11:12:05.002  1663  1681 D CompatibilityInfo: mCompatibilityFlags - 0
08-30 11:12:05.002  1663  1681 D CompatibilityInfo: applicationDensity - 480
08-30 11:12:05.002  1663  1681 D CompatibilityInfo: applicationScale - 1.0
08-30 11:12:05.004  1204  1204 D pr      : onReceive
08-30 11:12:05.004  1204  1204 D pr      : UpdateViews
08-30 11:12:05.054  1204  1204 W pr      : Widgets list is empty
08-30 11:12:05.172  9462 16292 E WakeLock: CMWakeLock was already released!
08-30 11:12:05.172  9462 16292 E WakeLock: java.lang.RuntimeException: WakeLock under-locked CMWakeLock
08-30 11:12:05.172  9462 16292 E WakeLock: 	at android.os.PowerManager$WakeLock.release(PowerManager.java:1502)
08-30 11:12:05.172  9462 16292 E WakeLock: 	at android.os.PowerManager$WakeLock.release(PowerManager.java:1462)
08-30 11:12:05.172  9462 16292 E WakeLock: 	at amvo.a(:com.google.android.gms@12878025@12.8.78 (040408-209461520):4)
08-30 11:12:05.172  9462 16292 E WakeLock: 	at amvo.c(:com.google.android.gms@12878025@12.8.78 (040408-209461520):3)
08-30 11:12:05.172  9462 16292 E WakeLock: 	at amvo.b(:com.google.android.gms@12878025@12.8.78 (040408-209461520):9)
08-30 11:12:05.172  9462 16292 E WakeLock: 	at dpx.a(:com.google.android.gms@12878025@12.8.78 (040408-209461520):10)
08-30 11:12:05.172  9462 16292 E WakeLock: 	at dpx.handleMessage(:com.google.android.gms@12878025@12.8.78 (040408-209461520):4)
08-30 11:12:05.172  9462 16292 E WakeLock: 	at pmn.run(:com.google.android.gms@12878025@12.8.78 (040408-209461520):6)
08-30 11:12:05.172  9462 16292 E WakeLock: 	at pmz.run(:com.google.android.gms@12878025@12.8.78 (040408-209461520):28)
08-30 11:12:05.172  9462 16292 E WakeLock: 	at java.util.concurrent.ThreadPoolExecutor.runWorker(ThreadPoolExecutor.java:1162)
08-30 11:12:05.172  9462 16292 E WakeLock: 	at java.util.concurrent.ThreadPoolExecutor$Worker.run(ThreadPoolExecutor.java:636)
08-30 11:12:05.172  9462 16292 E WakeLock: 	at ptb.run(Unknown Source:7)
08-30 11:12:05.172  9462 16292 E WakeLock: 	at java.lang.Thread.run(Thread.java:764)
08-30 11:12:05.224  9925  9952 E memtrack: Couldn't load memtrack module
08-30 11:12:05.224  9925  9952 W android.os.Debug: failed to get memory consumption info: -1
08-30 11:12:05.648   939  1021 E ANDR-PERF-OPTSHANDLER: Warning: Core control support not present for lock_min_cores on cluster 0 for this target
08-30 11:12:05.648   939  1021 E ANDR-PERF-RESOURCEQS: Failed to apply optimization [4, 0]
08-30 11:12:05.807 16747 16753 I zygote64: Do partial code cache collection, code=45KB, data=45KB
08-30 11:12:05.808 16747 16753 I zygote64: After code cache collection, code=45KB, data=45KB
08-30 11:12:05.808 16747 16753 I zygote64: Increasing code cache capacity to 256KB
08-30 11:12:05.808 16747 16753 I zygote64: Compiler allocated 6MB to compile void android.view.ViewRootImpl.performTraversals()
08-30 11:12:06.159   939  1021 E ANDR-PERF-OPTSHANDLER: Warning: Core control support not present for lock_min_cores on cluster 0 for this target
08-30 11:12:06.159   939  1021 E ANDR-PERF-RESOURCEQS: Failed to apply optimization [4, 0]
08-30 11:12:06.768   939  1021 E ANDR-PERF-OPTSHANDLER: Warning: Core control support not present for lock_min_cores on cluster 0 for this target
08-30 11:12:06.768   939  1021 E ANDR-PERF-RESOURCEQS: Failed to apply optimization [4, 0]
08-30 11:12:07.577   939  1021 E ANDR-PERF-OPTSHANDLER: Warning: Core control support not present for lock_min_cores on cluster 0 for this target
08-30 11:12:07.577   939  1021 E ANDR-PERF-RESOURCEQS: Failed to apply optimization [4, 0]
08-30 11:12:08.588 16747 16753 I zygote64: Do full code cache collection, code=124KB, data=95KB
08-30 11:12:08.589 16747 16753 I zygote64: After code cache collection, code=108KB, data=71KB
08-30 11:12:10.005  1663  1681 D CompatibilityInfo: mCompatibilityFlags - 0
08-30 11:12:10.006  1663  1681 D CompatibilityInfo: applicationDensity - 480
08-30 11:12:10.006  1663  1681 D CompatibilityInfo: applicationScale - 1.0
08-30 11:12:10.007  1204  1204 D pr      : onReceive
08-30 11:12:10.007  1204  1204 D pr      : UpdateViews
08-30 11:12:10.037  1204  1204 W pr      : Widgets list is empty
08-30 11:12:14.094  9550  9602 I Finsky  : [22468] com.google.android.finsky.bn.ab.run(5): Stats for Executor: BlockingExecutor com.google.android.finsky.bn.ac@4278b18[Running, pool size = 0, active threads = 0, queued tasks = 0, completed tasks = 0]
08-30 11:12:14.095  9550  9602 I Finsky  : [22468] com.google.android.finsky.bn.ab.run(5): Stats for Executor: LightweightExecutor com.google.android.finsky.bn.ac@dc7b971[Running, pool size = 1, active threads = 0, queued tasks = 0, completed tasks = 1]
08-30 11:12:14.177  9754  9774 E memtrack: Couldn't load memtrack module
08-30 11:12:14.177  9754  9774 W android.os.Debug: failed to get memory consumption info: -1
